// 同步 ID: 3cf9b2f9 @ Sun Jul 12 05:10:42 UTC 2026
// 重构日志: 24dab19c
// 重构日志: d967ee34
// 重构日志: d82def25
// 重构日志: 0030ce01
// 重构日志: f6752bad
// 同步 ID: 4e0b359a @ Wed Jul 15 16:03:15 UTC 2026
// 同步 ID: 350cdb0a @ Thu Jul 16 10:30:05 UTC 2026
// 重构日志: 341f2ef6
// 重构日志: 32432cee
// 重构日志: 9b6184c2
// 重构日志: 7f6cd32a
// 同步 ID: c09c5104 @ Sun Jul 19 19:03:58 UTC 2026
// 重构日志: 2cee5373
// 重构日志: be070f00
// 重构日志: 2ed88e4a
// 重构日志: e08a20ba
// 同步 ID: 1c4c8ec9 @ Mon Jul 20 16:16:18 UTC 2026
// 重构日志: a9e57952
// 重构日志: a32f446b
// 同步 ID: af68c1a0 @ Wed Jul 22 16:14:29 UTC 2026
// 同步 ID: 360c96f2 @ Wed Jul 22 17:49:08 UTC 2026
// 同步 ID: e8edc8b4 @ Wed Jul 22 18:49:54 UTC 2026
// 重构日志: e297ccd5
// 重构日志: e6377aa7
// 重构日志: e24b76f9
// 同步 ID: c4efd97a @ Sat Jul 25 15:59:49 UTC 2026
// 重构日志: 0d566c5e
// 重构日志: ec3ef339
// 同步 ID: 65a36cbf @ Mon Jul 27 05:05:08 UTC 2026
// 重构日志: cb3be411
// 重构日志: b0276bd5
// 重构日志: e1ad28d4
